# release_attest 全链实跑（HEAD=1620c7c，2026-10-08T09:49:51Z）
# keyring: /Users/maccc/.wenqu-dist-release/release-keyring.json (key_release_w6p1f, 0600, 仓外物理隔离——本日志不含 secret)

$ python3 tools/release_attest.py build
BUILD OK  wenqu-dist-1620c7c
  commit   : 1620c7c030bd1ea5eb096e0509b7f864c4e90a6d (fix(wave6): P1c mktemp fail-closed+P1f 专属覆盖门（七文件 required+计数)
  version  : 3.7.1  files: 642
  tar.gz   : /Users/maccc/Documents/wenqu-dist/dist/wenqu-dist-1620c7c.tar.gz
             sha256=e2243329c33eb003b40726cea41bc17410d7ecfc1797ba0a59fe84561c4c2607 size=7095163
  manifest : /Users/maccc/Documents/wenqu-dist/dist/wenqu-dist-1620c7c.manifest.json

$ python3 tools/release_attest.py sign --key-id key_release_w6p1f
SIGN OK  key_id=key_release_w6p1f  →  /Users/maccc/Documents/wenqu-dist/dist/wenqu-dist-1620c7c.release.sig
  signature=fce12a380590600390b73cedb31a9bac780163ee4762743fbcd98285c158a304

$ python3 tools/release_attest.py sbom
SBOM OK  →  /Users/maccc/Documents/wenqu-dist/dist/wenqu-dist-1620c7c.sbom.spdx.json
  spdxVersion=SPDX-2.3  root=wenqu-dist@3.7.1  files=642  deps=0
  verificationCode=a8883def016cf95bef5628a04efc80b0d0443a6d

$ python3 tools/release_attest.py verify --report evidence/09-release-manifest-attestation/verify-report-1620c7c.json
  PASS  manifest-schema  build_id=rel-1620c7c-20261008T094952Z
  PASS  artifact-hash  sha256=e2243329c33eb003… size=7095163
  PASS  files-reconcile  642/642 path+type+mode+size+sha256 全符
  PASS  signature  key_id=key_release_w6p1f algorithm=HMAC-SHA256（HMAC 对称：tamper-evident，非非否认）
  PASS  sbom-reconcile  spdxVersion=SPDX-2.3 files=642 root=3.7.1
  PASS  build-identity  commit=1620c7c030bd… built_at=2026-10-08T09:49:52Z tool=release_attest.py@1.0.0
  report → evidence/09-release-manifest-attestation/verify-report-1620c7c.json
VERIFY OK
VERIFY_RC=0
